Copyright 1986-2019 Xilinx, Inc. All Rights Reserved.
------------------------------------------------------------------------------------
| Tool Version : Vivado v.2019.2 (win64) Build 2708876 Wed Nov  6 21:40:23 MST 2019
| Date         : Tue Dec 23 11:55:54 2025
| Host         : LAPTOP-V1GJ1MRS running 64-bit major release  (build 9200)
| Command      : report_control_sets -verbose -file FNAF_4_control_sets_placed.rpt
| Design       : FNAF_4
| Device       : xc7a35t
------------------------------------------------------------------------------------

Control Set Information

Table of Contents
-----------------
1. Summary
2. Histogram
3. Flip-Flop Distribution
4. Detailed Control Set Information

1. Summary
----------

+----------------------------------------------------------+-------+
|                          Status                          | Count |
+----------------------------------------------------------+-------+
| Total control sets                                       |    20 |
|    Minimum number of control sets                        |    20 |
|    Addition due to synthesis replication                 |     0 |
|    Addition due to physical synthesis replication        |     0 |
| Unused register locations in slices containing registers |    86 |
+----------------------------------------------------------+-------+
* Control sets can be merged at opt_design using control_set_merge or merge_equivalent_drivers
** Run report_qor_suggestions for automated merging and remapping suggestions


2. Histogram
------------

+--------------------+-------+
|       Fanout       | Count |
+--------------------+-------+
| Total control sets |    20 |
| >= 0 to < 4        |     1 |
| >= 4 to < 6        |     2 |
| >= 6 to < 8        |     2 |
| >= 8 to < 10       |     3 |
| >= 10 to < 12      |     7 |
| >= 12 to < 14      |     0 |
| >= 14 to < 16      |     0 |
| >= 16              |     5 |
+--------------------+-------+
* Control sets can be remapped at either synth_design or opt_design


3. Flip-Flop Distribution
-------------------------

+--------------+-----------------------+------------------------+-----------------+--------------+
| Clock Enable | Synchronous Set/Reset | Asynchronous Set/Reset | Total Registers | Total Slices |
+--------------+-----------------------+------------------------+-----------------+--------------+
| No           | No                    | No                     |             270 |           91 |
| No           | No                    | Yes                    |             181 |           67 |
| No           | Yes                   | No                     |              44 |           23 |
| Yes          | No                    | No                     |              30 |           11 |
| Yes          | No                    | Yes                    |             560 |          156 |
| Yes          | Yes                   | No                     |              29 |           11 |
+--------------+-----------------------+------------------------+-----------------+--------------+


4. Detailed Control Set Information
-----------------------------------

+-------------------------------------------------------------------------------+--------------------------------------------------------------------------------+-----------------------------------------------+------------------+----------------+
|                                  Clock Signal                                 |                                  Enable Signal                                 |                Set/Reset Signal               | Slice Load Count | Bel Load Count |
+-------------------------------------------------------------------------------+--------------------------------------------------------------------------------+-----------------------------------------------+------------------+----------------+
|  pclk_BUFG                                                                    |                                                                                | rst_IBUF                                      |                2 |              2 |
|  clk_IBUF_BUFG                                                                |                                                                                | player_positions_0_inst/right_flashlight_next |                2 |              4 |
|  clk_IBUF_BUFG                                                                | keyboard_control_0_inst/key_decoder/inst/inst/Ps2Interface_i/bits_count        | rst_IBUF                                      |                1 |              4 |
|  seven_segment_display_control_0_inst/SevenSegment_0_inst/clk_divider_reg[15] |                                                                                | rst_IBUF                                      |                6 |              7 |
|  audio_control_0_inst/speaker_control_0_ints/Q[1]                             |                                                                                | rst_IBUF                                      |                2 |              7 |
|  clk_IBUF_BUFG                                                                | keyboard_control_0_inst/key_decoder/inst/inst/Ps2Interface_i/rx_valid          | rst_IBUF                                      |                2 |              8 |
|  clk_IBUF_BUFG                                                                | keyboard_control_0_inst/key_decoder/inst/inst/Ps2Interface_i/rx_finish         | rst_IBUF                                      |                1 |              8 |
|  clk_IBUF_BUFG                                                                | seven_segment_display_control_0_inst/clock_divider_0_inst/E[0]                 | rst_IBUF                                      |                4 |              9 |
|  pclk_BUFG                                                                    |                                                                                | vga_controller_0_int/pixel_cnt[9]_i_1_n_0     |                4 |             10 |
|  pclk_BUFG                                                                    | vga_controller_0_int/line_cnt                                                  | vga_controller_0_int/line_cnt[9]_i_1_n_0      |                3 |             10 |
|  clk_IBUF_BUFG                                                                | jumpscare_control_0_inst/clock_divider_0_inst/E[0]                             |                                               |                4 |             10 |
|  clk_IBUF_BUFG                                                                | game_map_0_inst/shadow_offset[9]_i_2_n_0                                       | main_states_0_inst/SR[0]                      |                4 |             10 |
|  clk_IBUF_BUFG                                                                | main_states_0_inst/E[0]                                                        |                                               |                3 |             10 |
|  clk_IBUF_BUFG                                                                | game_map_0_inst/clock_divider_0_inst/E[0]                                      |                                               |                4 |             10 |
|  clk_IBUF_BUFG                                                                | keyboard_control_0_inst/key_decoder/inst/inst/Ps2Interface_i/frame[10]_i_1_n_0 | rst_IBUF                                      |                3 |             11 |
|  clk_IBUF_BUFG                                                                | keyboard_control_0_inst/key_decoder/key                                        | rst_IBUF                                      |                5 |             17 |
|  pclk_BUFG                                                                    |                                                                                |                                               |               23 |             58 |
|  clk_IBUF_BUFG                                                                |                                                                                | rst_IBUF                                      |               74 |            195 |
|  clk_IBUF_BUFG                                                                |                                                                                |                                               |               68 |            212 |
|  clk_IBUF_BUFG                                                                | keyboard_control_0_inst/key_decoder/op/E[0]                                    | rst_IBUF                                      |              144 |            512 |
+-------------------------------------------------------------------------------+--------------------------------------------------------------------------------+-----------------------------------------------+------------------+----------------+


